// Jest Snapshot v1, https://goo.gl/fbAQLP

exports[`CellTypeHeatmap matches snapshot 1`] = `
<div
  className="row"
>
  <div
    className="columns large-9 large-centered"
  >
    <div
      className="callout alert small"
    >
      <h5>
        Oops!
      </h5>
      <p>
        There was a problem rendering this component.
        <br />
        If the error persists, in order to help us debug the issue, please copy the URL and this message and send it to us via 
        <a
          href="https://www.ebi.ac.uk/support/gxasc"
        >
          the EBI Support & Feedback system
        </a>
        :
      </p>
      <code>
        TypeError: Cannot read property 'nodeName' of null â€“ [object Object]
      </code>
    </div>
  </div>
</div>
`;
